
[1m[7m[36m RUN [39m[27m[22m [36mv2.1.9 [39m[90mE:/MyRepos/education/teach-laoz-learning-management-system[39m

 [31mÔØ»[39m tests/integration/UnifiedMarkdownRenderer.test.ts [2m([22m[2m4 tests[22m[2m | [22m[31m1 failed[39m[2m | [22m[33m3 skipped[39m[2m)[22m[90m 20[2mms[22m[39m
[31m   [31m├ù[31m UnifiedMarkdownRenderer Integration[2m > [22mshould render basic markdown to HTML[90m 20[2mms[22m[31m[39m
[31m     ÔåÆ expected '<h1 id="hello"><a href="#hello">HelloÔÇª' to contain 'Hello</h1>'[39m

ÔÄ»ÔÄ»ÔÄ»ÔÄ»ÔÄ»ÔÄ»ÔÄ» Failed Tests 1 ÔÄ»ÔÄ»ÔÄ»ÔÄ»ÔÄ»ÔÄ»ÔÄ»

 FAIL  tests/integration/UnifiedMarkdownRenderer.test.ts > UnifiedMarkdownRenderer Integration > should render basic markdown to HTML
AssertionError: expected '<h1 id="hello"><a href="#hello">HelloÔÇª' to contain 'Hello</h1>'

- Expected
+ Received

- Hello</h1>
+ <h1 id="hello"><a href="#hello">Hello</a></h1>
+ <p>This is a test.</p>

 ÔØ» tests/integration/UnifiedMarkdownRenderer.test.ts:12:18
     10|     expect(html).toContain('id="hello"');
     11|     expect(html).toContain('href="#hello"');
     12|     expect(html).toContain('Hello</h1>');
       |                  ^
     13|     expect(html).toContain('<p>This is a test.</p>');
     14|   });

ÔÄ»ÔÄ»ÔÄ»ÔÄ»ÔÄ»ÔÄ»ÔÄ»ÔÄ»ÔÄ»ÔÄ»ÔÄ»ÔÄ»ÔÄ»ÔÄ»ÔÄ»ÔÄ»ÔÄ»ÔÄ»ÔÄ»ÔÄ»ÔÄ»ÔÄ»ÔÄ»ÔÄ»[1/1]ÔÄ»

[2m Test Files [22m [1m[31m1 failed[39m[22m[90m (1)[39m
[2m      Tests [22m [1m[31m1 failed[39m[22m[2m | [22m[33m3 skipped[39m[90m (4)[39m
[2m   Start at [22m 01:06:15
[2m   Duration [22m 677ms[2m (transform 46ms, setup 0ms, collect 367ms, tests 20ms, environment 0ms, prepare 93ms)[22m

